\BOOKMARK [0][-]{chapter*.2}{\376\377\000B\000e\000v\000e\000z\000e\000t\000\351\000s}{}% 1
\BOOKMARK [0][-]{chapter.1}{\376\377\0001\000.\000\040\000T\000e\000c\000h\000n\000o\000l\000\363\000g\000i\000\341\000k}{}% 2
\BOOKMARK [1][-]{section.1.1}{\376\377\0001\000.\0001\000.\000\040\000R\000e\000l\000\341\000c\000i\000\363\000s\000\040\000A\000d\000a\000t\000b\000\341\000z\000i\000s}{chapter.1}% 3
\BOOKMARK [1][-]{section.1.2}{\376\377\0001\000.\0002\000.\000\040\000M\000y\000S\000Q\000L\000\040\000\351\000s\000\040\000P\000H\000P\000M\000y\000A\000d\000m\000i\000n}{chapter.1}% 4
\BOOKMARK [1][-]{section.1.3}{\376\377\0001\000.\0003\000.\000\040\000R\000e\000a\000c\000t}{chapter.1}% 5
\BOOKMARK [1][-]{section.1.4}{\376\377\0001\000.\0004\000.\000\040\000E\000n\000t\000i\000t\000y\000\040\000F\000r\000a\000m\000e\000w\000o\000r\000k}{chapter.1}% 6
\BOOKMARK [1][-]{section.1.5}{\376\377\0001\000.\0005\000.\000\040\000S\000w\000a\000s\000h\000b\000u\000c\000k\000l\000e}{chapter.1}% 7
\BOOKMARK [0][-]{chapter.2}{\376\377\0002\000.\000\040\000B\000e\000v\000e\000z\000e\000t\000\351\000s}{}% 8
\BOOKMARK [1][-]{section.2.1}{\376\377\0002\000.\0001\000.\000\040\000D\000o\000k\000u\000m\000e\000n\000t\000u\000m\000\040\000c\000\351\000l\000j\000a}{chapter.2}% 9
\BOOKMARK [1][-]{section.2.2}{\376\377\0002\000.\0002\000.\000\040\000H\000a\000s\000z\000n\000\341\000l\000t\000\040\000t\000e\000r\000m\000i\000n\000o\000l\000\363\000g\000i\000a}{chapter.2}% 10
\BOOKMARK [0][-]{chapter.3}{\376\377\0003\000.\000\040\000A\000\040\000r\000e\000n\000d\000s\000z\000e\000r\000\040\000b\000e\000m\000u\000t\000a\000t\000\341\000s\000a}{}% 11
\BOOKMARK [1][-]{section.3.1}{\376\377\0003\000.\0001\000.\000\040\000\301\000t\000t\000e\000k\000i\000n\000t\000\351\000s}{chapter.3}% 12
\BOOKMARK [1][-]{section.3.2}{\376\377\0003\000.\0002\000.\000\040\000F\000u\000n\000k\000c\000i\000\363\000k\000\040\000r\000\366\000v\000i\000d\000\040\000i\000s\000m\000e\000r\000t\000e\000t\000\351\000s\000e}{chapter.3}% 13
\BOOKMARK [1][-]{section.3.3}{\376\377\0003\000.\0003\000.\000\040\000R\000e\000n\000d\000s\000z\000e\000r\000k\000\366\000v\000e\000t\000e\000l\000m\000\351\000n\000y\000e\000k}{chapter.3}% 14
\BOOKMARK [1][-]{section.3.4}{\376\377\0003\000.\0004\000.\000\040\000W\000e\000b\000o\000l\000d\000a\000l\000\040\000e\000l\000\351\000r\000\351\000s\000i\000\040\000f\000o\000l\000y\000a\000m\000a\000t}{chapter.3}% 15
\BOOKMARK [0][-]{chapter.4}{\376\377\0004\000.\000\040\000F\000e\000l\000h\000a\000s\000z\000n\000\341\000l\000\363\000i\000\040\000\372\000t\000m\000u\000t\000a\000t\000\363}{}% 16
\BOOKMARK [1][-]{section.4.1}{\376\377\0004\000.\0001\000.\000\040\000E\000l\000s\001\121\000\040\000l\000\351\000p\000\351\000s\000e\000k}{chapter.4}% 17
\BOOKMARK [2][-]{subsection.4.1.1}{\376\377\0004\000.\0001\000.\0001\000.\000\040\000F\001\121\000o\000l\000d\000a\000l}{section.4.1}% 18
\BOOKMARK [2][-]{subsection.4.1.2}{\376\377\0004\000.\0001\000.\0002\000.\000\040\000R\000\363\000l\000u\000n\000k\000\040\000o\000l\000d\000a\000l}{section.4.1}% 19
\BOOKMARK [2][-]{subsection.4.1.3}{\376\377\0004\000.\0001\000.\0003\000.\000\040\000E\000l\000\351\000r\000h\000e\000t\001\121\000s\000\351\000g\000e\000k\000\040\000o\000l\000d\000a\000l}{section.4.1}% 20
\BOOKMARK [2][-]{subsection.4.1.4}{\376\377\0004\000.\0001\000.\0004\000.\000\040\000S\000z\000o\000l\000g\000\341\000l\000t\000a\000t\000\341\000s\000o\000k\000\040\000o\000l\000d\000a\000l}{section.4.1}% 21
\BOOKMARK [2][-]{subsection.4.1.5}{\376\377\0004\000.\0001\000.\0005\000.\000\040\000R\000e\000g\000i\000s\000z\000t\000r\000\341\000c\000i\000\363\000\040\000o\000l\000d\000a\000l}{section.4.1}% 22
\BOOKMARK [2][-]{subsection.4.1.6}{\376\377\0004\000.\0001\000.\0006\000.\000\040\000B\000e\000j\000e\000l\000e\000n\000t\000k\000e\000z\000\351\000s\000\040\000o\000l\000d\000a\000l}{section.4.1}% 23
\BOOKMARK [2][-]{subsection.4.1.7}{\376\377\0004\000.\0001\000.\0007\000.\000\040\000E\000l\000f\000e\000l\000e\000j\000t\000e\000t\000t\000\040\000j\000e\000l\000s\000z\000\363\000\040\000o\000l\000d\000a\000l}{section.4.1}% 24
\BOOKMARK [1][-]{section.4.2}{\376\377\0004\000.\0002\000.\000\040\000F\000u\000n\000k\000c\000i\000\363\000k\000\040\000r\000\351\000s\000z\000l\000e\000t\000e\000s\000\040\000b\000e\000m\000u\000t\000a\000t\000\341\000s\000a}{chapter.4}% 25
\BOOKMARK [2][-]{subsection.4.2.1}{\376\377\0004\000.\0002\000.\0001\000.\000\040\000A\000l\000a\000p\000f\000u\000n\000k\000c\000i\000\363\000k}{section.4.2}% 26
\BOOKMARK [0][-]{chapter.5}{\376\377\0005\000.\000\040\000H\000i\000b\000a\000e\000l\000h\000\341\000r\000\355\000t\000\341\000s\000\040\000\351\000s\000\040\000t\000\341\000m\000o\000g\000a\000t\000\341\000s}{}% 27
\BOOKMARK [1][-]{section.5.1}{\376\377\0005\000.\0001\000.\000\040\000G\000y\000a\000k\000o\000r\000i\000\040\000p\000r\000o\000b\000l\000\351\000m\000\341\000k}{chapter.5}% 28
\BOOKMARK [1][-]{section.5.2}{\376\377\0005\000.\0002\000.\000\040\000K\000a\000p\000c\000s\000o\000l\000a\000t\000f\000e\000l\000v\000\351\000t\000e\000l\000\040\000t\000\341\000m\000o\000g\000a\000t\000\341\000s\000\351\000r\000t}{chapter.5}% 29
\BOOKMARK [0][-]{chapter.6}{\376\377\0006\000.\000\040\000M\000e\000l\000l\000\351\000k\000l\000e\000t\000e\000k}{}% 30
\BOOKMARK [1][-]{section.6.1}{\376\377\0006\000.\0001\000.\000\040\000G\000Y\000I\000K}{chapter.6}% 31
\BOOKMARK [1][-]{section.6.2}{\376\377\0006\000.\0002\000.\000\040\000T\000o\000v\000\341\000b\000b\000i\000\040\000f\000o\000r\000r\000\341\000s\000o\000k}{chapter.6}% 32
\BOOKMARK [0][-]{chapter*.3}{\376\377\000\326\000s\000s\000z\000e\000g\000z\000\351\000s}{}% 33
\BOOKMARK [0][-]{chapter*.4}{\376\377\000I\000r\000o\000d\000a\000l\000o\000m\000j\000e\000g\000y\000z\000\351\000k}{}% 34
